mode: set
backend/validators/auth_validator.go:24.56,25.41 1 1
backend/validators/auth_validator.go:25.41,27.3 1 1
backend/validators/auth_validator.go:28.2,28.42 1 1
backend/validators/auth_validator.go:28.42,30.3 1 1
backend/validators/auth_validator.go:31.2,31.32 1 1
backend/validators/auth_validator.go:31.32,33.3 1 1
backend/validators/auth_validator.go:34.2,34.45 1 1
backend/validators/auth_validator.go:34.45,36.3 1 1
backend/validators/auth_validator.go:37.2,37.48 1 1
backend/validators/auth_validator.go:37.48,39.3 1 1
backend/validators/auth_validator.go:41.2,41.11 1 1
backend/validators/auth_validator.go:45.50,46.42 1 1
backend/validators/auth_validator.go:46.42,48.3 1 1
backend/validators/auth_validator.go:49.2,49.32 1 1
backend/validators/auth_validator.go:49.32,51.3 1 1
backend/validators/auth_validator.go:52.2,52.45 1 1
backend/validators/auth_validator.go:52.45,54.3 1 1
backend/validators/auth_validator.go:56.2,56.11 1 1
backend/validators/auth_validator.go:60.38,62.2 1 1
backend/validators/expense_validator.go:37.54,38.42 1 1
backend/validators/expense_validator.go:38.42,40.3 1 1
backend/validators/expense_validator.go:41.2,41.23 1 1
backend/validators/expense_validator.go:41.23,43.3 1 1
backend/validators/expense_validator.go:44.2,44.48 1 1
backend/validators/expense_validator.go:44.48,46.3 1 1
backend/validators/expense_validator.go:47.2,47.44 1 1
backend/validators/expense_validator.go:47.44,49.3 1 1
backend/validators/expense_validator.go:50.2,50.45 1 1
backend/validators/expense_validator.go:50.45,52.3 1 1
backend/validators/expense_validator.go:53.2,53.40 1 1
backend/validators/expense_validator.go:53.40,55.3 1 1
backend/validators/expense_validator.go:57.2,57.11 1 1
backend/validators/expense_validator.go:61.67,62.85 1 1
backend/validators/expense_validator.go:62.85,64.3 1 1
backend/validators/expense_validator.go:65.2,65.86 1 1
backend/validators/expense_validator.go:65.86,67.3 1 1
backend/validators/expense_validator.go:68.2,68.82 1 1
backend/validators/expense_validator.go:68.82,70.3 1 1
backend/validators/expense_validator.go:71.2,71.59 1 1
backend/validators/expense_validator.go:71.59,73.3 1 1
backend/validators/expense_validator.go:74.2,74.77 1 1
backend/validators/expense_validator.go:74.77,76.3 1 1
backend/validators/expense_validator.go:77.2,77.86 1 1
backend/validators/expense_validator.go:77.86,79.3 1 1
backend/validators/expense_validator.go:80.2,80.22 1 1
backend/validators/expense_validator.go:80.22,82.3 1 1
backend/validators/expense_validator.go:83.2,83.23 1 1
backend/validators/expense_validator.go:83.23,85.3 1 1
backend/validators/expense_validator.go:87.2,87.11 1 1
backend/validators/expense_validator.go:91.67,92.46 1 1
backend/validators/expense_validator.go:92.46,94.3 1 1
backend/validators/expense_validator.go:95.2,95.44 1 1
backend/validators/expense_validator.go:95.44,97.3 1 1
backend/validators/expense_validator.go:98.2,98.42 1 1
backend/validators/expense_validator.go:98.42,100.3 1 1
backend/validators/expense_validator.go:101.2,101.40 1 1
backend/validators/expense_validator.go:101.40,103.3 1 1
backend/validators/expense_validator.go:104.2,104.59 1 1
backend/validators/expense_validator.go:104.59,106.3 1 1
backend/validators/expense_validator.go:108.2,108.11 1 1
backend/validators/expense_validator.go:112.46,114.59 2 1
backend/validators/expense_validator.go:114.59,115.44 1 1
backend/validators/expense_validator.go:115.44,117.4 1 1
backend/validators/expense_validator.go:120.2,120.14 1 1
backend/validators/expense_validator.go:124.40,125.35 1 1
backend/validators/expense_validator.go:126.32,127.14 1 1
backend/validators/expense_validator.go:128.10,129.15 1 1
backend/validators/expense_validator.go:134.46,135.38 1 1
backend/validators/expense_validator.go:136.21,137.14 1 1
backend/validators/expense_validator.go:138.10,139.15 1 1
backend/validators/expense_validator.go:144.43,147.2 2 1
backend/validators/expense_validator.go:149.65,152.56 3 1
backend/validators/expense_validator.go:152.56,154.3 1 1
backend/validators/expense_validator.go:155.2,155.86 1 1
backend/validators/expense_validator.go:155.86,157.3 1 0
backend/validators/expense_validator.go:159.2,159.46 1 1
backend/utils/csv.go:10.63,11.45 1 1
backend/utils/csv.go:11.45,13.3 1 1
backend/utils/csv.go:13.8,13.32 1 1
backend/utils/csv.go:13.32,15.3 1 0
backend/utils/csv.go:17.2,17.50 1 1
backend/utils/csv.go:17.50,19.3 1 1
backend/utils/csv.go:21.2,22.16 2 1
backend/utils/csv.go:22.16,24.3 1 0
backend/utils/csv.go:25.2,29.21 4 1
backend/utils/csv.go:29.21,31.3 1 1
backend/utils/csv.go:32.2,34.21 2 1
backend/utils/csv.go:34.21,36.3 1 0
backend/utils/csv.go:38.2,38.23 1 1
backend/utils/csv.go:42.51,44.16 2 1
backend/utils/csv.go:44.16,46.3 1 1
backend/utils/csv.go:47.2,50.25 3 1
backend/utils/csv.go:54.55,55.50 1 1
backend/utils/csv.go:55.50,57.3 1 1
backend/utils/csv.go:59.2,60.16 2 1
backend/utils/csv.go:60.16,62.3 1 1
backend/utils/csv.go:63.2,66.27 3 1
backend/utils/csv.go:66.27,67.43 1 1
backend/utils/csv.go:67.43,70.4 2 0
backend/utils/csv.go:72.2,74.23 2 1
backend/utils/csv.go:78.53,79.50 1 1
backend/utils/csv.go:79.50,81.3 1 1
backend/utils/csv.go:83.2,84.16 2 1
backend/utils/csv.go:84.16,86.3 1 0
backend/utils/csv.go:87.2,93.21 5 1
backend/utils/csv.go:93.21,95.3 1 0
backend/utils/csv.go:97.2,97.23 1 1
backend/utils/csv.go:100.45,102.29 2 1
backend/utils/csv.go:102.29,104.3 1 1
backend/utils/csv.go:106.2,106.31 1 1
backend/models/expense.go:46.57,48.16 2 1
backend/models/expense.go:48.16,50.3 1 1
backend/models/expense.go:52.2,53.35 2 1
backend/models/expense.go:53.35,54.31 1 1
backend/models/expense.go:54.31,56.4 1 1
backend/models/expense.go:59.2,59.30 1 1
backend/models/expense.go:63.59,65.16 2 1
backend/models/expense.go:65.16,67.3 1 0
backend/models/expense.go:69.2,69.30 1 1
backend/models/expense.go:69.30,70.31 1 1
backend/models/expense.go:70.31,72.4 1 1
backend/models/expense.go:75.2,75.17 1 1
backend/models/expense.go:79.44,80.20 1 1
backend/models/expense.go:80.20,82.3 1 1
backend/models/expense.go:84.2,85.16 2 1
backend/models/expense.go:85.16,87.3 1 0
backend/models/expense.go:89.2,89.75 1 1
backend/models/expense.go:89.75,91.3 1 0
backend/models/expense.go:93.2,93.21 1 1
backend/models/expense.go:93.21,95.3 1 1
backend/models/expense.go:96.2,96.29 1 1
backend/models/expense.go:96.29,98.3 1 1
backend/models/expense.go:100.2,100.58 1 1
backend/models/expense.go:104.44,105.20 1 1
backend/models/expense.go:105.20,107.3 1 0
backend/models/expense.go:109.2,110.16 2 1
backend/models/expense.go:110.16,112.3 1 0
backend/models/expense.go:114.2,115.16 2 1
backend/models/expense.go:115.16,117.3 1 0
backend/models/expense.go:119.2,121.31 3 1
backend/models/expense.go:121.31,122.39 1 1
backend/models/expense.go:122.39,123.12 1 1
backend/models/expense.go:126.3,127.17 2 1
backend/models/expense.go:127.17,129.4 1 0
backend/models/expense.go:131.3,131.81 1 1
backend/models/expense.go:131.81,133.38 2 1
backend/models/expense.go:133.38,135.5 1 1
backend/models/expense.go:136.4,138.12 3 1
backend/models/expense.go:141.3,141.41 1 1
backend/models/expense.go:144.2,144.12 1 1
backend/models/expense.go:144.12,146.3 1 1
backend/models/expense.go:148.2,148.46 1 1
backend/models/expense.go:152.46,154.16 2 1
backend/models/expense.go:154.16,156.3 1 0
backend/models/expense.go:158.2,159.16 2 1
backend/models/expense.go:159.16,161.3 1 0
backend/models/expense.go:163.2,165.31 3 1
backend/models/expense.go:165.31,166.39 1 1
backend/models/expense.go:166.39,167.12 1 1
backend/models/expense.go:170.3,171.17 2 1
backend/models/expense.go:171.17,173.4 1 0
backend/models/expense.go:175.3,175.51 1 1
backend/models/expense.go:175.51,177.12 2 1
backend/models/expense.go:180.3,180.41 1 1
backend/models/expense.go:183.2,183.12 1 1
backend/models/expense.go:183.12,185.3 1 1
backend/models/expense.go:187.2,187.46 1 1
backend/models/expense.go:191.29,193.16 2 1
backend/models/expense.go:193.16,195.3 1 0
backend/models/expense.go:197.2,198.35 2 1
backend/models/expense.go:198.35,199.25 1 1
backend/models/expense.go:199.25,201.4 1 1
backend/models/expense.go:204.2,204.18 1 1
backend/models/expense.go:207.42,209.16 2 1
backend/models/expense.go:209.16,211.3 1 0
backend/models/expense.go:213.2,214.16 2 1
backend/models/expense.go:214.16,216.3 1 1
backend/models/expense.go:218.2,219.31 2 1
backend/models/expense.go:219.31,220.39 1 1
backend/models/expense.go:220.39,221.12 1 1
backend/models/expense.go:224.3,225.17 2 1
backend/models/expense.go:225.17,227.4 1 1
backend/models/expense.go:229.3,229.39 1 1
backend/models/expense.go:232.2,232.22 1 1
backend/models/expense.go:235.59,236.75 1 1
backend/models/expense.go:236.75,238.3 1 1
backend/models/expense.go:240.2,240.32 1 1
backend/models/expense.go:243.46,244.38 1 1
backend/models/expense.go:244.38,246.3 1 1
backend/models/expense.go:248.2,249.16 2 1
backend/models/expense.go:249.16,251.3 1 0
backend/models/expense.go:253.2,254.20 2 1
backend/models/expense.go:254.20,256.3 1 1
backend/models/expense.go:258.2,258.22 1 1
backend/models/expense.go:261.68,262.38 1 1
backend/models/expense.go:262.38,264.3 1 0
backend/models/expense.go:266.2,267.16 2 1
backend/models/expense.go:267.16,269.3 1 1
backend/models/expense.go:271.2,272.16 2 1
backend/models/expense.go:272.16,274.3 1 1
backend/models/expense.go:276.2,277.16 2 1
backend/models/expense.go:277.16,279.3 1 1
backend/models/expense.go:281.2,290.8 1 1
backend/models/expense.go:293.45,304.2 1 1
backend/models/user.go:30.36,32.16 2 1
backend/models/user.go:32.16,34.3 1 0
backend/models/user.go:36.2,36.72 1 1
backend/models/user.go:36.72,38.3 1 0
backend/models/user.go:40.2,41.16 2 1
backend/models/user.go:41.16,43.3 1 1
backend/models/user.go:45.2,46.31 2 1
backend/models/user.go:46.31,47.39 1 1
backend/models/user.go:47.39,48.12 1 1
backend/models/user.go:51.3,52.17 2 1
backend/models/user.go:52.17,54.4 1 1
backend/models/user.go:56.3,56.30 1 1
backend/models/user.go:59.2,59.19 1 1
backend/models/user.go:63.50,65.16 2 1
backend/models/user.go:65.16,67.3 1 0
backend/models/user.go:69.2,69.27 1 1
backend/models/user.go:69.27,70.89 1 1
backend/models/user.go:70.89,72.4 1 1
backend/models/user.go:75.2,75.17 1 1
backend/models/user.go:79.41,81.16 2 1
backend/models/user.go:81.16,83.3 1 0
backend/models/user.go:85.2,85.27 1 1
backend/models/user.go:85.27,86.28 1 1
backend/models/user.go:86.28,88.4 1 1
backend/models/user.go:91.2,91.17 1 1
backend/models/user.go:95.35,96.17 1 1
backend/models/user.go:96.17,98.3 1 1
backend/models/user.go:100.2,101.16 2 1
backend/models/user.go:101.16,103.3 1 0
backend/models/user.go:105.2,105.72 1 1
backend/models/user.go:105.72,107.3 1 0
backend/models/user.go:109.2,109.18 1 1
backend/models/user.go:109.18,111.3 1 1
backend/models/user.go:112.2,112.26 1 1
backend/models/user.go:112.26,114.3 1 1
backend/models/user.go:116.2,124.39 2 1
backend/models/user.go:128.22,130.16 2 1
backend/models/user.go:130.16,132.3 1 0
backend/models/user.go:134.2,135.29 2 1
backend/models/user.go:135.29,136.22 1 1
backend/models/user.go:136.22,138.4 1 1
backend/models/user.go:141.2,141.18 1 1
backend/models/user.go:144.43,145.35 1 1
backend/models/user.go:145.35,147.3 1 1
backend/models/user.go:149.2,150.16 2 1
backend/models/user.go:150.16,152.3 1 0
backend/models/user.go:154.2,155.20 2 1
backend/models/user.go:155.20,157.3 1 1
backend/models/user.go:159.2,159.22 1 1
backend/models/user.go:162.62,163.35 1 1
backend/models/user.go:163.35,165.3 1 0
backend/models/user.go:167.2,168.16 2 1
backend/models/user.go:168.16,170.3 1 1
backend/models/user.go:172.2,178.8 1 1
backend/models/user.go:181.39,182.28 1 1
backend/models/user.go:182.28,183.37 1 1
backend/models/user.go:183.37,185.4 1 1
backend/models/user.go:188.2,188.13 1 1
backend/controllers/auth.go:26.37,28.9 2 1
backend/controllers/auth.go:28.9,30.3 1 1
backend/controllers/auth.go:32.2,33.16 2 1
backend/controllers/auth.go:33.16,37.3 3 1
backend/controllers/auth.go:38.2,38.25 1 1
backend/controllers/auth.go:38.25,41.3 2 1
backend/controllers/auth.go:43.2,48.48 2 1
backend/controllers/auth.go:48.48,52.3 3 0
backend/controllers/auth.go:54.2,54.73 1 1
backend/controllers/auth.go:58.34,60.9 2 1
backend/controllers/auth.go:60.9,62.3 1 1
backend/controllers/auth.go:64.2,65.16 2 1
backend/controllers/auth.go:65.16,69.3 3 1
backend/controllers/auth.go:70.2,70.52 1 1
backend/controllers/auth.go:70.52,73.3 2 1
backend/controllers/auth.go:75.2,79.4 1 1
backend/controllers/auth.go:82.80,84.72 2 1
backend/controllers/auth.go:84.72,87.3 2 1
backend/controllers/auth.go:89.2,90.71 2 1
backend/controllers/auth.go:90.71,93.3 2 1
backend/controllers/auth.go:95.2,95.20 1 1
backend/controllers/auth.go:98.74,100.72 2 1
backend/controllers/auth.go:100.72,103.3 2 1
backend/controllers/auth.go:105.2,106.68 2 1
backend/controllers/auth.go:106.68,109.3 2 1
backend/controllers/auth.go:111.2,111.20 1 1
backend/controllers/auth.go:114.86,120.2 1 1
backend/controllers/auth.go:122.77,127.2 1 1
backend/controllers/base.go:17.50,19.2 1 1
backend/controllers/base.go:22.76,29.2 3 1
backend/controllers/base.go:32.76,34.2 1 1
backend/controllers/base.go:37.101,45.2 3 1
backend/controllers/base.go:48.72,55.2 3 1
backend/controllers/expense.go:48.38,50.9 2 1
backend/controllers/expense.go:50.9,53.3 2 1
backend/controllers/expense.go:55.2,56.9 2 1
backend/controllers/expense.go:56.9,58.3 1 1
backend/controllers/expense.go:60.2,68.54 2 1
backend/controllers/expense.go:68.54,72.3 3 1
backend/controllers/expense.go:74.2,74.109 1 1
backend/controllers/expense.go:78.36,80.9 2 1
backend/controllers/expense.go:80.9,83.3 2 1
backend/controllers/expense.go:85.2,86.9 2 1
backend/controllers/expense.go:86.9,88.3 1 1
backend/controllers/expense.go:90.2,91.16 2 1
backend/controllers/expense.go:91.16,95.3 3 0
backend/controllers/expense.go:97.2,101.80 4 1
backend/controllers/expense.go:105.39,107.9 2 1
backend/controllers/expense.go:107.9,110.3 2 1
backend/controllers/expense.go:112.2,113.9 2 1
backend/controllers/expense.go:113.9,115.3 1 1
backend/controllers/expense.go:117.2,118.16 2 1
backend/controllers/expense.go:118.16,122.3 3 1
backend/controllers/expense.go:124.2,124.79 1 1
backend/controllers/expense.go:128.38,130.9 2 1
backend/controllers/expense.go:130.9,133.3 2 1
backend/controllers/expense.go:135.2,136.9 2 1
backend/controllers/expense.go:136.9,138.3 1 1
backend/controllers/expense.go:140.2,141.16 2 1
backend/controllers/expense.go:141.16,145.3 3 0
backend/controllers/expense.go:146.2,146.20 1 1
backend/controllers/expense.go:146.20,149.3 2 1
backend/controllers/expense.go:151.2,151.69 1 1
backend/controllers/expense.go:155.38,157.9 2 1
backend/controllers/expense.go:157.9,160.3 2 1
backend/controllers/expense.go:162.2,163.9 2 1
backend/controllers/expense.go:163.9,165.3 1 1
backend/controllers/expense.go:167.2,168.9 2 1
backend/controllers/expense.go:168.9,170.3 1 1
backend/controllers/expense.go:172.2,173.9 2 1
backend/controllers/expense.go:173.9,175.3 1 1
backend/controllers/expense.go:177.2,187.61 2 1
backend/controllers/expense.go:187.61,190.3 2 0
backend/controllers/expense.go:192.2,192.87 1 1
backend/controllers/expense.go:196.38,198.9 2 1
backend/controllers/expense.go:198.9,201.3 2 1
backend/controllers/expense.go:203.2,204.9 2 1
backend/controllers/expense.go:204.9,206.3 1 1
backend/controllers/expense.go:208.2,208.80 1 1
backend/controllers/expense.go:208.80,210.3 1 1
backend/controllers/expense.go:212.2,212.57 1 1
backend/controllers/expense.go:212.57,215.3 2 0
backend/controllers/expense.go:217.2,217.43 1 1
backend/controllers/expense.go:220.66,222.22 2 1
backend/controllers/expense.go:222.22,224.3 1 1
backend/controllers/expense.go:226.2,227.31 2 1
backend/controllers/expense.go:227.31,229.3 1 1
backend/controllers/expense.go:231.2,232.16 2 1
backend/controllers/expense.go:232.16,235.3 2 0
backend/controllers/expense.go:236.2,236.17 1 1
backend/controllers/expense.go:236.17,238.3 1 1
backend/controllers/expense.go:240.2,240.21 1 1
backend/controllers/expense.go:243.63,245.27 2 1
backend/controllers/expense.go:245.27,248.3 2 1
backend/controllers/expense.go:250.2,250.17 1 1
backend/controllers/expense.go:253.116,255.16 2 1
backend/controllers/expense.go:255.16,259.3 3 1
backend/controllers/expense.go:260.2,260.20 1 1
backend/controllers/expense.go:260.20,263.3 2 1
backend/controllers/expense.go:265.2,265.22 1 1
backend/controllers/expense.go:268.88,269.33 1 1
backend/controllers/expense.go:269.33,272.3 2 1
backend/controllers/expense.go:274.2,275.66 2 1
backend/controllers/expense.go:278.81,280.72 2 1
backend/controllers/expense.go:280.72,283.3 2 1
backend/controllers/expense.go:285.2,286.70 2 1
backend/controllers/expense.go:286.70,289.3 2 1
backend/controllers/expense.go:291.2,291.20 1 1
backend/controllers/expense.go:294.93,304.28 2 1
backend/controllers/expense.go:304.28,306.3 1 1
backend/controllers/expense.go:308.2,308.77 1 1
backend/controllers/expense.go:308.77,311.3 2 1
backend/controllers/expense.go:313.2,313.21 1 1
backend/controllers/expense.go:316.93,322.77 2 1
backend/controllers/expense.go:322.77,325.3 2 1
backend/controllers/expense.go:327.2,327.21 1 1
backend/controllers/expense.go:330.83,338.2 1 1
backend/controllers/expense.go:340.64,349.2 1 1
backend/controllers/expense.go:351.70,353.35 2 1
backend/controllers/expense.go:353.35,355.3 1 1
backend/controllers/expense.go:357.2,357.18 1 1
backend/controllers/expense.go:360.103,362.35 2 1
backend/controllers/expense.go:362.35,363.67 1 1
backend/controllers/expense.go:363.67,364.12 1 1
backend/controllers/expense.go:366.3,366.69 1 1
backend/controllers/expense.go:366.69,367.12 1 1
backend/controllers/expense.go:369.3,369.65 1 1
backend/controllers/expense.go:369.65,370.12 1 1
backend/controllers/expense.go:373.3,373.55 1 1
backend/controllers/expense.go:376.2,376.25 1 1
backend/controllers/expense.go:379.96,383.18 3 1
backend/controllers/expense.go:383.18,385.3 1 1
backend/controllers/expense.go:387.2,387.59 1 1
backend/controllers/expense.go:387.59,388.25 1 1
backend/controllers/expense.go:388.25,390.4 1 1
backend/controllers/expense.go:392.3,392.77 1 1
backend/controllers/expense.go:395.2,395.23 1 1
backend/controllers/expense.go:398.93,399.24 1 1
backend/controllers/expense.go:399.24,401.3 1 1
backend/controllers/expense.go:403.2,403.35 1 1
backend/controllers/expense.go:406.91,407.24 1 1
backend/controllers/expense.go:407.24,409.3 1 1
backend/controllers/expense.go:411.2,411.45 1 1
backend/controllers/expense.go:414.88,416.28 2 1
backend/controllers/expense.go:416.28,418.3 1 1
backend/controllers/expense.go:420.2,421.25 2 1
backend/controllers/expense.go:421.25,423.3 1 1
backend/controllers/expense.go:425.2,425.28 1 1
backend/controllers/expense.go:428.114,436.35 3 1
backend/controllers/expense.go:436.35,437.83 1 1
backend/controllers/expense.go:437.83,438.12 1 1
backend/controllers/expense.go:441.3,448.56 7 1
backend/controllers/expense.go:451.2,452.42 2 1
backend/controllers/expense.go:452.42,454.3 1 1
backend/controllers/expense.go:455.2,457.38 2 1
backend/controllers/expense.go:457.38,459.3 1 1
backend/controllers/expense.go:461.2,461.16 1 1
backend/controllers/expense.go:464.45,466.2 1 1
backend/controllers/expense.go:468.69,470.27 2 1
backend/controllers/expense.go:470.27,472.3 1 1
backend/controllers/expense.go:474.2,475.16 2 1
backend/controllers/expense.go:475.16,477.3 1 1
backend/controllers/expense.go:479.2,479.14 1 1
backend/controllers/health.go:9.34,11.2 1 1
backend/main.go:9.13,11.2 1 0
backend/routers/router.go:9.13,22.2 2 0
